{
  "version": "1.5.0",
  "plugins_used": [
    {
      "name": "ArtifactoryDetector"
    },
    {
      "name": "AWSKeyDetector"
    },
    {
      "name": "AzureStorageKeyDetector"
    },
    {
      "name": "Base64HighEntropyString",
      "limit": 4.5
    },
    {
      "name": "BasicAuthDetector"
    },
    {
      "name": "CloudantDetector"
    },
    {
      "name": "DiscordBotTokenDetector"
    },
    {
      "name": "GitHubTokenDetector"
    },
    {
      "name": "GitLabTokenDetector"
    },
    {
      "name": "HexHighEntropyString",
      "limit": 3.0
    },
    {
      "name": "IbmCloudIamDetector"
    },
    {
      "name": "IbmCosHmacDetector"
    },
    {
      "name": "IPPublicDetector"
    },
    {
      "name": "JwtTokenDetector"
    },
    {
      "name": "KeywordDetector",
      "keyword_exclude": ""
    },
    {
      "name": "MailchimpDetector"
    },
    {
      "name": "NpmDetector"
    },
    {
      "name": "OpenAIDetector"
    },
    {
      "name": "PrivateKeyDetector"
    },
    {
      "name": "PypiTokenDetector"
    },
    {
      "name": "SendGridDetector"
    },
    {
      "name": "SlackDetector"
    },
    {
      "name": "SoftlayerDetector"
    },
    {
      "name": "SquareOAuthDetector"
    },
    {
      "name": "StripeDetector"
    },
    {
      "name": "TelegramBotTokenDetector"
    },
    {
      "name": "TwilioKeyDetector"
    }
  ],
  "filters_used": [
    {
      "path": "detect_secrets.filters.allowlist.is_line_allowlisted"
    },
    {
      "path": "detect_secrets.filters.common.is_ignored_due_to_verification_policies",
      "min_level": 2
    },
    {
      "path": "detect_secrets.filters.heuristic.is_indirect_reference"
    },
    {
      "path": "detect_secrets.filters.heuristic.is_likely_id_string"
    },
    {
      "path": "detect_secrets.filters.heuristic.is_lock_file"
    },
    {
      "path": "detect_secrets.filters.heuristic.is_not_alphanumeric_string"
    },
    {
      "path": "detect_secrets.filters.heuristic.is_potential_uuid"
    },
    {
      "path": "detect_secrets.filters.heuristic.is_prefixed_with_dollar_sign"
    },
    {
      "path": "detect_secrets.filters.heuristic.is_sequential_string"
    },
    {
      "path": "detect_secrets.filters.heuristic.is_swagger_file"
    },
    {
      "path": "detect_secrets.filters.heuristic.is_templated_secret"
    }
  ],
  "results": {
    "README.md": [
      {
        "type": "Secret Keyword",
        "filename": "README.md",
        "hashed_secret": "aecdccc1cf64595b34e0cc152d238daabb32183a",
        "is_verified": false,
        "line_number": 38
      }
    ],
    "module-0/basics.ipynb": [
      {
        "type": "Base64 High Entropy String",
        "filename": "module-0/basics.ipynb",
        "hashed_secret": "e3f585ee008efce960dd52c470ae232040915b66",
        "is_verified": false,
        "line_number": 161
      },
      {
        "type": "Base64 High Entropy String",
        "filename": "module-0/basics.ipynb",
        "hashed_secret": "6763cd1474b282ed2c45a830979a4793e1e6ba6f",
        "is_verified": false,
        "line_number": 199
      },
      {
        "type": "Base64 High Entropy String",
        "filename": "module-0/basics.ipynb",
        "hashed_secret": "4457ef492522db91a0cbc94d1309d4549524a968",
        "is_verified": false,
        "line_number": 220
      }
    ],
    "module-1/agent-memory.ipynb": [
      {
        "type": "Base64 High Entropy String",
        "filename": "module-1/agent-memory.ipynb",
        "hashed_secret": "b9b0097327ec58e998f2a9205dc7d97d92d7572c",
        "is_verified": false,
        "line_number": 175
      }
    ],
    "module-1/agent.ipynb": [
      {
        "type": "Base64 High Entropy String",
        "filename": "module-1/agent.ipynb",
        "hashed_secret": "b9b0097327ec58e998f2a9205dc7d97d92d7572c",
        "is_verified": false,
        "line_number": 230
      }
    ],
    "module-1/chain.ipynb": [
      {
        "type": "Base64 High Entropy String",
        "filename": "module-1/chain.ipynb",
        "hashed_secret": "cb78b744590196a012563c7c9c7b1b832fcf0de4",
        "is_verified": false,
        "line_number": 577
      }
    ],
    "module-1/router.ipynb": [
      {
        "type": "Base64 High Entropy String",
        "filename": "module-1/router.ipynb",
        "hashed_secret": "5860880b1b8ebd78629c76ff96b446a31e70807a",
        "is_verified": false,
        "line_number": 131
      }
    ],
    "module-1/simple-graph.ipynb": [
      {
        "type": "Base64 High Entropy String",
        "filename": "module-1/simple-graph.ipynb",
        "hashed_secret": "aa45ece0c4ac1314b095bd38e9ba669a804be996",
        "is_verified": false,
        "line_number": 227
      }
    ],
    "module-2/chatbot-summarization.ipynb": [
      {
        "type": "Base64 High Entropy String",
        "filename": "module-2/chatbot-summarization.ipynb",
        "hashed_secret": "1b47253bbdc1ac4732296cc5c9c9027ef3e5f356",
        "is_verified": false,
        "line_number": 291
      }
    ],
    "module-2/multiple-schemas.ipynb": [
      {
        "type": "Base64 High Entropy String",
        "filename": "module-2/multiple-schemas.ipynb",
        "hashed_secret": "ad6c841056163fed9b4df438c0117fa2802a4cab",
        "is_verified": false,
        "line_number": 90
      },
      {
        "type": "Base64 High Entropy String",
        "filename": "module-2/multiple-schemas.ipynb",
        "hashed_secret": "a3092255b49aea47ab088416408eff9683de9156",
        "is_verified": false,
        "line_number": 214
      }
    ],
    "module-2/state-reducers.ipynb": [
      {
        "type": "Base64 High Entropy String",
        "filename": "module-2/state-reducers.ipynb",
        "hashed_secret": "f5018243119e6934872ff86b1fb9bc5335712635",
        "is_verified": false,
        "line_number": 62
      },
      {
        "type": "Base64 High Entropy String",
        "filename": "module-2/state-reducers.ipynb",
        "hashed_secret": "55fe3e65d0fc0cff0c6d16672e5e82e74168ea11",
        "is_verified": false,
        "line_number": 156
      }
    ],
    "module-2/state-schema.ipynb": [
      {
        "type": "Base64 High Entropy String",
        "filename": "module-2/state-schema.ipynb",
        "hashed_secret": "aa45ece0c4ac1314b095bd38e9ba669a804be996",
        "is_verified": false,
        "line_number": 151
      }
    ],
    "module-2/trim-filter-messages.ipynb": [
      {
        "type": "Base64 High Entropy String",
        "filename": "module-2/trim-filter-messages.ipynb",
        "hashed_secret": "8450de72f5cc779d75e40e4f579a8e9d9a2c4bf3",
        "is_verified": false,
        "line_number": 196
      },
      {
        "type": "Base64 High Entropy String",
        "filename": "module-2/trim-filter-messages.ipynb",
        "hashed_secret": "2f99a0628a48fda59a698265c789a97771ee2f02",
        "is_verified": false,
        "line_number": 297
      },
      {
        "type": "Base64 High Entropy String",
        "filename": "module-2/trim-filter-messages.ipynb",
        "hashed_secret": "511f38ad089369e5f9ae5451197f88b04a571e3c",
        "is_verified": false,
        "line_number": 404
      }
    ],
    "module-3/breakpoints.ipynb": [
      {
        "type": "Base64 High Entropy String",
        "filename": "module-3/breakpoints.ipynb",
        "hashed_secret": "e780cc4f1cdb65b4377920cf32559a01b2674fb2",
        "is_verified": false,
        "line_number": 152
      }
    ],
    "module-3/dynamic-breakpoints.ipynb": [
      {
        "type": "Base64 High Entropy String",
        "filename": "module-3/dynamic-breakpoints.ipynb",
        "hashed_secret": "8e8a391891d4e94bbe4ea1de2bc933288eaa7095",
        "is_verified": false,
        "line_number": 86
      }
    ],
    "module-3/edit-state-human-feedback.ipynb": [
      {
        "type": "Base64 High Entropy String",
        "filename": "module-3/edit-state-human-feedback.ipynb",
        "hashed_secret": "a020bd0e599c360d114ea34eb91f640b60e63272",
        "is_verified": false,
        "line_number": 146
      },
      {
        "type": "Base64 High Entropy String",
        "filename": "module-3/edit-state-human-feedback.ipynb",
        "hashed_secret": "a71c06ac81a3844bc7505687215357d2f5ab8a5d",
        "is_verified": false,
        "line_number": 843
      }
    ],
    "module-3/streaming-interruption.ipynb": [
      {
        "type": "Base64 High Entropy String",
        "filename": "module-3/streaming-interruption.ipynb",
        "hashed_secret": "b242c7c044482419ca740ec49cbd204caa674bfb",
        "is_verified": false,
        "line_number": 104
      },
      {
        "type": "Base64 High Entropy String",
        "filename": "module-3/streaming-interruption.ipynb",
        "hashed_secret": "2b42f11f86caf4401f01100a3f9d6eb4bf0e1ff3",
        "is_verified": false,
        "line_number": 1421
      },
      {
        "type": "Base64 High Entropy String",
        "filename": "module-3/streaming-interruption.ipynb",
        "hashed_secret": "cc5b37a1606f94e6cb11648ee8f0fdffc9c7dff5",
        "is_verified": false,
        "line_number": 1425
      }
    ],
    "module-3/time-travel.ipynb": [
      {
        "type": "Base64 High Entropy String",
        "filename": "module-3/time-travel.ipynb",
        "hashed_secret": "b2707a526baac2b1f5374725d7bdd35dc3236a9a",
        "is_verified": false,
        "line_number": 142
      }
    ],
    "module-4/map-reduce.ipynb": [
      {
        "type": "Base64 High Entropy String",
        "filename": "module-4/map-reduce.ipynb",
        "hashed_secret": "b338c78f4690d5b21f199aa4560e1d3ed3bfdf7f",
        "is_verified": false,
        "line_number": 328
      }
    ],
    "module-4/parallelization.ipynb": [
      {
        "type": "Base64 High Entropy String",
        "filename": "module-4/parallelization.ipynb",
        "hashed_secret": "0b16be558ee34ebccd2677cbff0992768361ef35",
        "is_verified": false,
        "line_number": 102
      },
      {
        "type": "Base64 High Entropy String",
        "filename": "module-4/parallelization.ipynb",
        "hashed_secret": "9469491c4eb6584276ffa24bb7da3cac2b1a2438",
        "is_verified": false,
        "line_number": 214
      },
      {
        "type": "Base64 High Entropy String",
        "filename": "module-4/parallelization.ipynb",
        "hashed_secret": "7ab1bbdecf8ca3fb9f19fd06cfe481906e2cc693",
        "is_verified": false,
        "line_number": 395
      },
      {
        "type": "Base64 High Entropy String",
        "filename": "module-4/parallelization.ipynb",
        "hashed_secret": "e8886673a36859eee54b32dbd78f6b7159d6a309",
        "is_verified": false,
        "line_number": 664
      }
    ],
    "module-4/research-assistant.ipynb": [
      {
        "type": "Base64 High Entropy String",
        "filename": "module-4/research-assistant.ipynb",
        "hashed_secret": "c7c9d5b9d24f9269cd826b3620a1db88a88085a1",
        "is_verified": false,
        "line_number": 212
      },
      {
        "type": "Base64 High Entropy String",
        "filename": "module-4/research-assistant.ipynb",
        "hashed_secret": "abc9d0ebc8f327bed3952ee321be174ac384781a",
        "is_verified": false,
        "line_number": 719
      },
      {
        "type": "Base64 High Entropy String",
        "filename": "module-4/research-assistant.ipynb",
        "hashed_secret": "57399052d62c7faaa3c8b9b77e71b7b86784aced",
        "is_verified": false,
        "line_number": 1092
      }
    ],
    "module-4/sub-graph.ipynb": [
      {
        "type": "Base64 High Entropy String",
        "filename": "module-4/sub-graph.ipynb",
        "hashed_secret": "ab941e029dbf49cfc31d7731272f1e4509b1cfa6",
        "is_verified": false,
        "line_number": 162
      },
      {
        "type": "Base64 High Entropy String",
        "filename": "module-4/sub-graph.ipynb",
        "hashed_secret": "e197c21ae67cce18a3c25455886a9cb89e0c0d6e",
        "is_verified": false,
        "line_number": 226
      },
      {
        "type": "Base64 High Entropy String",
        "filename": "module-4/sub-graph.ipynb",
        "hashed_secret": "ca8f5a2758d5d02d92c0dee6b1e232a79483b096",
        "is_verified": false,
        "line_number": 337
      }
    ],
    "module-5/memory_agent.ipynb": [
      {
        "type": "Base64 High Entropy String",
        "filename": "module-5/memory_agent.ipynb",
        "hashed_secret": "283c7e9980a22166ccd904f821b082932408278d",
        "is_verified": false,
        "line_number": 326
      },
      {
        "type": "Base64 High Entropy String",
        "filename": "module-5/memory_agent.ipynb",
        "hashed_secret": "6c4dffe92c070d36492314f7b1b44b0e38511348",
        "is_verified": false,
        "line_number": 327
      },
      {
        "type": "Base64 High Entropy String",
        "filename": "module-5/memory_agent.ipynb",
        "hashed_secret": "6d01e705df2c787dd63f828c61f7a896e5618c6d",
        "is_verified": false,
        "line_number": 559
      }
    ],
    "module-5/memory_store.ipynb": [
      {
        "type": "Base64 High Entropy String",
        "filename": "module-5/memory_store.ipynb",
        "hashed_secret": "92003e7f50047bfbb427a2bae9f93b754d2e3485",
        "is_verified": false,
        "line_number": 123
      },
      {
        "type": "Base64 High Entropy String",
        "filename": "module-5/memory_store.ipynb",
        "hashed_secret": "99f077090f519546954b52c46a1f50cf629245d5",
        "is_verified": false,
        "line_number": 408
      },
      {
        "type": "Base64 High Entropy String",
        "filename": "module-5/memory_store.ipynb",
        "hashed_secret": "0e8298c2240965285b80bda19616b583f2210b2d",
        "is_verified": false,
        "line_number": 777
      }
    ],
    "module-5/memoryschema_collection.ipynb": [
      {
        "type": "Base64 High Entropy String",
        "filename": "module-5/memoryschema_collection.ipynb",
        "hashed_secret": "5a24b4818d212e6c6ed59e28a597266c5082bf48",
        "is_verified": false,
        "line_number": 485
      },
      {
        "type": "Base64 High Entropy String",
        "filename": "module-5/memoryschema_collection.ipynb",
        "hashed_secret": "99f077090f519546954b52c46a1f50cf629245d5",
        "is_verified": false,
        "line_number": 520
      }
    ],
    "module-5/memoryschema_profile.ipynb": [
      {
        "type": "Base64 High Entropy String",
        "filename": "module-5/memoryschema_profile.ipynb",
        "hashed_secret": "99f077090f519546954b52c46a1f50cf629245d5",
        "is_verified": false,
        "line_number": 402
      },
      {
        "type": "Base64 High Entropy String",
        "filename": "module-5/memoryschema_profile.ipynb",
        "hashed_secret": "9a8730a926d5796a665407ffb42ef381d87cf7a7",
        "is_verified": false,
        "line_number": 978
      }
    ],
    "module-6/connecting.ipynb": [
      {
        "type": "Base64 High Entropy String",
        "filename": "module-6/connecting.ipynb",
        "hashed_secret": "082df1ccbab2a25fad217b5293bac76e7f02c540",
        "is_verified": false,
        "line_number": 6
      }
    ],
    "module-6/deployment/docker-compose-example.yml": [
      {
        "type": "Secret Keyword",
        "filename": "module-6/deployment/docker-compose-example.yml",
        "hashed_secret": "afc848c316af1a89d49826c5ae9d00ed769415f3",
        "is_verified": false,
        "line_number": 21
      },
      {
        "type": "Secret Keyword",
        "filename": "module-6/deployment/docker-compose-example.yml",
        "hashed_secret": "235ca8ecd22dbaae08d2971367bebdc1d1bd0224",
        "is_verified": false,
        "line_number": 41
      },
      {
        "type": "Secret Keyword",
        "filename": "module-6/deployment/docker-compose-example.yml",
        "hashed_secret": "66b3cc82f386c08b314531c702937717f199f6ba",
        "is_verified": false,
        "line_number": 42
      },
      {
        "type": "Basic Auth Credentials",
        "filename": "module-6/deployment/docker-compose-example.yml",
        "hashed_secret": "afc848c316af1a89d49826c5ae9d00ed769415f3",
        "is_verified": false,
        "line_number": 43
      }
    ],
    "module-6/double-texting.ipynb": [
      {
        "type": "Base64 High Entropy String",
        "filename": "module-6/double-texting.ipynb",
        "hashed_secret": "664827f3bfd910def0fdf2f74c3f475c20405d83",
        "is_verified": false,
        "line_number": 459
      }
    ]
  },
  "generated_at": "2026-04-09T13:07:27Z"
}
